// Jest Snapshot v1, https://goo.gl/fbAQLP

exports[`Radio tests should not show the error feedback if the radio has not been touched 1`] = `
<form
  class=""
>
  <div
    class="form-group"
    name="radio"
  >
    <div
      class="form-check"
    >
      <input
        class="form-check-input"
        id="radio1"
        label="Radio 1"
        name="radio1"
        type="radio"
      />
      <label
        class="form-check-label"
        for="radio1"
      >
        Radio 1
      </label>
    </div>
    <div
      class="form-check"
    >
      <input
        class="form-check-input"
        id="radio2"
        label="Radio 2"
        name="radio2"
        type="radio"
      />
      <label
        class="form-check-label"
        for="radio2"
      >
        Radio 2
      </label>
    </div>
    <div
      class="invalid-feedback"
    />
  </div>
  <div
    class="form-group"
    name="text"
  >
    <label
      class="form-label"
      for="text"
    >
      Text
    </label>
    <input
      class="form-control"
      id="text"
      name="text"
      value="foo"
    />
    <div
      class="invalid-feedback"
    />
  </div>
  <div
    class="d-flex justify-content-end"
  >
    <button
      class="btn btn-primary"
      type="submit"
    >
      Submit
    </button>
  </div>
</form>
`;
